Archive member included because of file (symbol)

c:/program files (x86)/atmel/avr tools/avr toolchain/bin/../lib/gcc/avr/4.7.2/avrxmega7\libgcc.a(_mulsi3.o)
                              ./mcu/atmel/mcu_atxmega128a1.o (__mulsi3)
c:/program files (x86)/atmel/avr tools/avr toolchain/bin/../lib/gcc/avr/4.7.2/avrxmega7\libgcc.a(_udivmodhi4.o)
                              ./modul/fifo/fifo.o (__udivmodhi4)
c:/program files (x86)/atmel/avr tools/avr toolchain/bin/../lib/gcc/avr/4.7.2/avrxmega7\libgcc.a(_udivmodsi4.o)
                              ./modul/fifo/fifo.o (__udivmodsi4)
c:/program files (x86)/atmel/avr tools/avr toolchain/bin/../lib/gcc/avr/4.7.2/avrxmega7\libgcc.a(_exit.o)
                              c:/program files (x86)/atmel/avr tools/avr toolchain/bin/../lib/gcc/avr/4.7.2/../../../../avr/lib/avrxmega7/crtx128a1.o (exit)
c:/program files (x86)/atmel/avr tools/avr toolchain/bin/../lib/gcc/avr/4.7.2/avrxmega7\libgcc.a(_tablejump.o)
                              ./mcu/atmel/mcu_atxmega128a1.o (__tablejump2__)
c:/program files (x86)/atmel/avr tools/avr toolchain/bin/../lib/gcc/avr/4.7.2/avrxmega7\libgcc.a(_copy_data.o)
                              ./modul/st7036/st7036.o (__do_copy_data)
c:/program files (x86)/atmel/avr tools/avr toolchain/bin/../lib/gcc/avr/4.7.2/avrxmega7\libgcc.a(_clear_bss.o)
                              ./modul/st7036/st7036.o (__do_clear_bss)
c:/program files (x86)/atmel/avr tools/avr toolchain/bin/../lib/gcc/avr/4.7.2/avrxmega7\libgcc.a(_muluhisi3.o)
                              ./mcu/atmel/mcu_atxmega128a1.o (__muluhisi3)
c:/program files (x86)/atmel/avr tools/avr toolchain/bin/../lib/gcc/avr/4.7.2/avrxmega7\libgcc.a(_umulhisi3.o)
                              c:/program files (x86)/atmel/avr tools/avr toolchain/bin/../lib/gcc/avr/4.7.2/avrxmega7\libgcc.a(_muluhisi3.o) (__umulhisi3)
c:/program files (x86)/atmel/avr tools/avr toolchain/bin/../lib/gcc/avr/4.7.2/../../../../avr/lib/avrxmega7\libc.a(memcpy.o)
                              ./modul/fifo/fifo.o (memcpy)
c:/program files (x86)/atmel/avr tools/avr toolchain/bin/../lib/gcc/avr/4.7.2/../../../../avr/lib/avrxmega7\libc.a(memset.o)
                              ./modul/st7036/st7036.o (memset)
c:/program files (x86)/atmel/avr tools/avr toolchain/bin/../lib/gcc/avr/4.7.2/../../../../avr/lib/avrxmega7\libc.a(fputs.o)
                              ./basis_uebung.o (fputs)

Allocating common symbols
Common symbol       size              file

contrast_value      0x1               ./modul/st7036/st7036.o
temp_var_reg_function_set
                    0x1               ./modul/st7036/st7036.o

Memory Configuration

Name             Origin             Length             Attributes
text             0x00000000         0x00100000         xr
data             0x00802000         0x0000ffa0         rw !x
eeprom           0x00810000         0x00010000         rw !x
fuse             0x00820000         0x00000400         rw !x
lock             0x00830000         0x00000400         rw !x
signature        0x00840000         0x00000400         rw !x
user_signatures  0x00850000         0x00000400         rw !x
*default*        0x00000000         0xffffffff

Linker script and memory map

LOAD c:/program files (x86)/atmel/avr tools/avr toolchain/bin/../lib/gcc/avr/4.7.2/../../../../avr/lib/avrxmega7/crtx128a1.o
LOAD ./modul/st7036/st7036.o
LOAD ./modul/fifo/fifo.o
LOAD ./mcu/atmel/mcu_atxmega128a1.o
LOAD ./board/board_xmega_a1_xplained.o
LOAD ./basis_uebung.o
LOAD ./rsbs_xplained.o
LOAD c:/program files (x86)/atmel/avr tools/avr toolchain/bin/../lib/gcc/avr/4.7.2/avrxmega7\libgcc.a
LOAD c:/program files (x86)/atmel/avr tools/avr toolchain/bin/../lib/gcc/avr/4.7.2/../../../../avr/lib/avrxmega7\libc.a
LOAD c:/program files (x86)/atmel/avr tools/avr toolchain/bin/../lib/gcc/avr/4.7.2/avrxmega7\libgcc.a

.hash
 *(.hash)

.dynsym
 *(.dynsym)

.dynstr
 *(.dynstr)

.gnu.version
 *(.gnu.version)

.gnu.version_d
 *(.gnu.version_d)

.gnu.version_r
 *(.gnu.version_r)

.rel.init
 *(.rel.init)

.rela.init
 *(.rela.init)

.rel.text
 *(.rel.text)
 *(.rel.text.*)
 *(.rel.gnu.linkonce.t*)

.rela.text
 *(.rela.text)
 *(.rela.text.*)
 *(.rela.gnu.linkonce.t*)

.rel.fini
 *(.rel.fini)

.rela.fini
 *(.rela.fini)

.rel.rodata
 *(.rel.rodata)
 *(.rel.rodata.*)
 *(.rel.gnu.linkonce.r*)

.rela.rodata
 *(.rela.rodata)
 *(.rela.rodata.*)
 *(.rela.gnu.linkonce.r*)

.rel.data
 *(.rel.data)
 *(.rel.data.*)
 *(.rel.gnu.linkonce.d*)

.rela.data
 *(.rela.data)
 *(.rela.data.*)
 *(.rela.gnu.linkonce.d*)

.rel.ctors
 *(.rel.ctors)

.rela.ctors
 *(.rela.ctors)

.rel.dtors
 *(.rel.dtors)

.rela.dtors
 *(.rela.dtors)

.rel.got
 *(.rel.got)

.rela.got
 *(.rela.got)

.rel.bss
 *(.rel.bss)

.rela.bss
 *(.rela.bss)

.rel.plt
 *(.rel.plt)

.rela.plt
 *(.rela.plt)

.text           0x00000000     0x311c
 *(.vectors)
 .vectors       0x00000000      0x1f4 c:/program files (x86)/atmel/avr tools/avr toolchain/bin/../lib/gcc/avr/4.7.2/../../../../avr/lib/avrxmega7/crtx128a1.o
                0x00000000                __vector_default
                0x00000000                __vectors
 *(.vectors)
 *(.progmem.gcc*)
 .progmem.gcc_sw_table.mcu_io_int_set_intctrl
                0x000001f4       0x28 ./mcu/atmel/mcu_atxmega128a1.o
 .progmem.gcc_sw_table.mcu_io_interrupt_init
                0x0000021c       0x28 ./mcu/atmel/mcu_atxmega128a1.o
 *(.progmem*)
                0x00000244                . = ALIGN (0x2)
                0x00000244                __trampolines_start = .
 *(.trampolines)
 .trampolines   0x00000244       0x7c linker stubs
 *(.trampolines*)
                0x000002c0                __trampolines_end = .
 *(.jumptables)
 *(.jumptables*)
 *(.lowtext)
 *(.lowtext*)
                0x000002c0                __ctors_start = .
 *(.ctors)
                0x000002c0                __ctors_end = .
                0x000002c0                __dtors_start = .
 *(.dtors)
                0x000002c0                __dtors_end = .
 SORT(*)(.ctors)
 SORT(*)(.dtors)
 *(.init0)
 .init0         0x000002c0        0x0 c:/program files (x86)/atmel/avr tools/avr toolchain/bin/../lib/gcc/avr/4.7.2/../../../../avr/lib/avrxmega7/crtx128a1.o
                0x000002c0                __init
 *(.init0)
 *(.init1)
 *(.init1)
 *(.init2)
 .init2         0x000002c0       0x18 c:/program files (x86)/atmel/avr tools/avr toolchain/bin/../lib/gcc/avr/4.7.2/../../../../avr/lib/avrxmega7/crtx128a1.o
 *(.init2)
 *(.init3)
 *(.init3)
 *(.init4)
 .init4         0x000002d8       0x1c c:/program files (x86)/atmel/avr tools/avr toolchain/bin/../lib/gcc/avr/4.7.2/avrxmega7\libgcc.a(_copy_data.o)
                0x000002d8                __do_copy_data
 .init4         0x000002f4       0x10 c:/program files (x86)/atmel/avr tools/avr toolchain/bin/../lib/gcc/avr/4.7.2/avrxmega7\libgcc.a(_clear_bss.o)
                0x000002f4                __do_clear_bss
 *(.init4)
 *(.init5)
 *(.init5)
 *(.init6)
 *(.init6)
 *(.init7)
 *(.init7)
 *(.init8)
 *(.init8)
 *(.init9)
 .init9         0x00000304        0x8 c:/program files (x86)/atmel/avr tools/avr toolchain/bin/../lib/gcc/avr/4.7.2/../../../../avr/lib/avrxmega7/crtx128a1.o
 *(.init9)
 *(.text)
 .text          0x0000030c        0x4 c:/program files (x86)/atmel/avr tools/avr toolchain/bin/../lib/gcc/avr/4.7.2/../../../../avr/lib/avrxmega7/crtx128a1.o
                0x0000030c                __vector_38
                0x0000030c                __vector_22
                0x0000030c                __vector_63
                0x0000030c                __vector_1
                0x0000030c                __vector_32
                0x0000030c                __vector_75
                0x0000030c                __vector_62
                0x0000030c                __vector_102
                0x0000030c                __vector_24
                0x0000030c                __vector_12
                0x0000030c                __vector_55
                0x0000030c                __vector_69
                0x0000030c                __vector_81
                0x0000030c                __vector_90
                0x0000030c                __vector_46
                0x0000030c                __bad_interrupt
                0x0000030c                __vector_72
                0x0000030c                __vector_6
                0x0000030c                __vector_110
                0x0000030c                __vector_31
                0x0000030c                __vector_92
                0x0000030c                __vector_78
                0x0000030c                __vector_74
                0x0000030c                __vector_117
                0x0000030c                __vector_39
                0x0000030c                __vector_107
                0x0000030c                __vector_23
                0x0000030c                __vector_68
                0x0000030c                __vector_30
                0x0000030c                __vector_73
                0x0000030c                __vector_45
                0x0000030c                __vector_93
                0x0000030c                __vector_11
                0x0000030c                __vector_54
                0x0000030c                __vector_13
                0x0000030c                __vector_17
                0x0000030c                __vector_19
                0x0000030c                __vector_56
                0x0000030c                __vector_7
                0x0000030c                __vector_49
                0x0000030c                __vector_123
                0x0000030c                __vector_41
                0x0000030c                __vector_86
                0x0000030c                __vector_109
                0x0000030c                __vector_27
                0x0000030c                __vector_113
                0x0000030c                __vector_33
                0x0000030c                __vector_76
                0x0000030c                __vector_115
                0x0000030c                __vector_52
                0x0000030c                __vector_37
                0x0000030c                __vector_103
                0x0000030c                __vector_89
                0x0000030c                __vector_82
                0x0000030c                __vector_106
                0x0000030c                __vector_118
                0x0000030c                __vector_51
                0x0000030c                __vector_9
                0x0000030c                __vector_21
                0x0000030c                __vector_15
                0x0000030c                __vector_36
                0x0000030c                __vector_79
                0x0000030c                __vector_70
                0x0000030c                __vector_29
                0x0000030c                __vector_60
                0x0000030c                __vector_121
                0x0000030c                __vector_40
                0x0000030c                __vector_85
                0x0000030c                __vector_8
                0x0000030c                __vector_26
                0x0000030c                __vector_48
                0x0000030c                __vector_124
                0x0000030c                __vector_116
                0x0000030c                __vector_112
                0x0000030c                __vector_111
                0x0000030c                __vector_80
                0x0000030c                __vector_14
                0x0000030c                __vector_84
                0x0000030c                __vector_57
                0x0000030c                __vector_10
                0x0000030c                __vector_50
                0x0000030c                __vector_16
                0x0000030c                __vector_59
                0x0000030c                __vector_18
                0x0000030c                __vector_20
                0x0000030c                __vector_42
                0x0000030c                __vector_87
                0x0000030c                __vector_65
                0x0000030c                __vector_120
 .text          0x00000310        0x0 ./modul/st7036/st7036.o
 .text          0x00000310        0x0 ./modul/fifo/fifo.o
 .text          0x00000310        0x0 ./mcu/atmel/mcu_atxmega128a1.o
 .text          0x00000310        0x0 ./board/board_xmega_a1_xplained.o
 .text          0x00000310        0x0 ./basis_uebung.o
 .text          0x00000310        0x0 ./rsbs_xplained.o
 .text          0x00000310        0x0 c:/program files (x86)/atmel/avr tools/avr toolchain/bin/../lib/gcc/avr/4.7.2/avrxmega7\libgcc.a(_mulsi3.o)
 .text          0x00000310        0x0 c:/program files (x86)/atmel/avr tools/avr toolchain/bin/../lib/gcc/avr/4.7.2/avrxmega7\libgcc.a(_udivmodhi4.o)
 .text          0x00000310        0x0 c:/program files (x86)/atmel/avr tools/avr toolchain/bin/../lib/gcc/avr/4.7.2/avrxmega7\libgcc.a(_udivmodsi4.o)
 .text          0x00000310        0x0 c:/program files (x86)/atmel/avr tools/avr toolchain/bin/../lib/gcc/avr/4.7.2/avrxmega7\libgcc.a(_exit.o)
 .text          0x00000310        0x0 c:/program files (x86)/atmel/avr tools/avr toolchain/bin/../lib/gcc/avr/4.7.2/avrxmega7\libgcc.a(_tablejump.o)
 .text          0x00000310        0x0 c:/program files (x86)/atmel/avr tools/avr toolchain/bin/../lib/gcc/avr/4.7.2/avrxmega7\libgcc.a(_copy_data.o)
 .text          0x00000310        0x0 c:/program files (x86)/atmel/avr tools/avr toolchain/bin/../lib/gcc/avr/4.7.2/avrxmega7\libgcc.a(_clear_bss.o)
 .text          0x00000310        0x0 c:/program files (x86)/atmel/avr tools/avr toolchain/bin/../lib/gcc/avr/4.7.2/avrxmega7\libgcc.a(_muluhisi3.o)
 .text          0x00000310        0x0 c:/program files (x86)/atmel/avr tools/avr toolchain/bin/../lib/gcc/avr/4.7.2/avrxmega7\libgcc.a(_umulhisi3.o)
 .text          0x00000310        0x0 c:/program files (x86)/atmel/avr tools/avr toolchain/bin/../lib/gcc/avr/4.7.2/../../../../avr/lib/avrxmega7\libc.a(memcpy.o)
 .text          0x00000310        0x0 c:/program files (x86)/atmel/avr tools/avr toolchain/bin/../lib/gcc/avr/4.7.2/../../../../avr/lib/avrxmega7\libc.a(memset.o)
 .text          0x00000310        0x0 c:/program files (x86)/atmel/avr tools/avr toolchain/bin/../lib/gcc/avr/4.7.2/../../../../avr/lib/avrxmega7\libc.a(fputs.o)
                0x00000310                . = ALIGN (0x2)
 *(.text.*)
 .text.st7036_wr_register
                0x00000310       0x36 ./modul/st7036/st7036.o
 .text.st7036_set_contrast
                0x00000346       0x24 ./modul/st7036/st7036.o
                0x00000346                st7036_set_contrast
 .text.st7036_get_contrast
                0x0000036a        0x6 ./modul/st7036/st7036.o
                0x0000036a                st7036_get_contrast
 .text.st7036_goto
                0x00000370       0x50 ./modul/st7036/st7036.o
                0x00000370                st7036_goto
 .text.st7036_clear
                0x000003c0       0x28 ./modul/st7036/st7036.o
                0x000003c0                st7036_clear
 .text.st7036_init
                0x000003e8       0xf6 ./modul/st7036/st7036.o
                0x000003e8                st7036_init
 .text.st7036_home
                0x000004de        0x8 ./modul/st7036/st7036.o
                0x000004de                st7036_home
 .text.st7036_next_line
                0x000004e6       0x24 ./modul/st7036/st7036.o
 .text.st7036_putc
                0x0000050a       0x8c ./modul/st7036/st7036.o
                0x0000050a                st7036_putc
 .text.fifo_init
                0x00000596       0x3a ./modul/fifo/fifo.o
                0x00000596                fifo_init
 .text.fifo_clear
                0x000005d0       0x10 ./modul/fifo/fifo.o
                0x000005d0                fifo_clear
 .text.fifo_put
                0x000005e0       0x84 ./modul/fifo/fifo.o
                0x000005e0                fifo_put
 .text.fifo_put32
                0x00000664       0x2a ./modul/fifo/fifo.o
                0x00000664                fifo_put32
 .text.fifo_put16
                0x0000068e       0x24 ./modul/fifo/fifo.o
                0x0000068e                fifo_put16
 .text.fifo_put8
                0x000006b2       0x1e ./modul/fifo/fifo.o
                0x000006b2                fifo_put8
 .text.fifo_get
                0x000006d0       0x80 ./modul/fifo/fifo.o
                0x000006d0                fifo_get
 .text.fifo_get8
                0x00000750       0x20 ./modul/fifo/fifo.o
                0x00000750                fifo_get8
 .text.fifo_get16
                0x00000770       0x28 ./modul/fifo/fifo.o
                0x00000770                fifo_get16
 .text.fifo_get32
                0x00000798       0x32 ./modul/fifo/fifo.o
                0x00000798                fifo_get32
 .text.fifo_data_available
                0x000007ca        0x8 ./modul/fifo/fifo.o
                0x000007ca                fifo_data_available
 .text.fifo_is_full
                0x000007d2       0x16 ./modul/fifo/fifo.o
                0x000007d2                fifo_is_full
 .text.fifo_get_average
                0x000007e8       0x82 ./modul/fifo/fifo.o
                0x000007e8                fifo_get_average
 .text.fifo_get_median
                0x0000086a       0xbe ./modul/fifo/fifo.o
                0x0000086a                fifo_get_median
 .text.mcu_atxega128a1_init
                0x00000928      0x25e ./mcu/atmel/mcu_atxmega128a1.o
 .text.mcu_get_port_reg
                0x00000b86       0x7c ./mcu/atmel/mcu_atxmega128a1.o
 .text.mcu_set_port_pinnctrl
                0x00000c02       0xf4 ./mcu/atmel/mcu_atxmega128a1.o
 .text.mcu_io_int_set_intctrl
                0x00000cf6      0x120 ./mcu/atmel/mcu_atxmega128a1.o
 .text.mcu_timer_set_start.part.0
                0x00000e16       0xf4 ./mcu/atmel/mcu_atxmega128a1.o
 .text.mcu_uart_rcv_interrupt.part.1
                0x00000f0a       0x48 ./mcu/atmel/mcu_atxmega128a1.o
 .text.mcu_get_frq_external
                0x00000f52        0x8 ./mcu/atmel/mcu_atxmega128a1.o
                0x00000f52                mcu_get_frq_external
 .text.mcu_get_frq_cpu
                0x00000f5a       0x12 ./mcu/atmel/mcu_atxmega128a1.o
                0x00000f5a                mcu_get_frq_cpu
 .text.mcu_get_frq_peripheral
                0x00000f6c       0x12 ./mcu/atmel/mcu_atxmega128a1.o
                0x00000f6c                mcu_get_frq_peripheral
 .text.mcu_init
                0x00000f7e       0x8e ./mcu/atmel/mcu_atxmega128a1.o
                0x00000f7e                mcu_init
 .text.mcu_init_max_internal
                0x0000100c       0x16 ./mcu/atmel/mcu_atxmega128a1.o
                0x0000100c                mcu_init_max_internal
 .text.mcu_init_max_external
                0x00001022       0x58 ./mcu/atmel/mcu_atxmega128a1.o
                0x00001022                mcu_init_max_external
 .text.mcu_enable_interrupt
                0x0000107a        0x4 ./mcu/atmel/mcu_atxmega128a1.o
                0x0000107a                mcu_enable_interrupt
 .text.mcu_disable_interrupt
                0x0000107e        0x4 ./mcu/atmel/mcu_atxmega128a1.o
                0x0000107e                mcu_disable_interrupt
 .text.mcu_soft_reset
                0x00001082        0xe ./mcu/atmel/mcu_atxmega128a1.o
                0x00001082                mcu_soft_reset
 .text.mcu_io_set_port_dir
                0x00001090       0x22 ./mcu/atmel/mcu_atxmega128a1.o
                0x00001090                mcu_io_set_port_dir
 .text.mcu_io_set_dir
                0x000010b2       0x54 ./mcu/atmel/mcu_atxmega128a1.o
                0x000010b2                mcu_io_set_dir
 .text.mcu_io_set_pullup
                0x00001106        0x6 ./mcu/atmel/mcu_atxmega128a1.o
                0x00001106                mcu_io_set_pullup
 .text.mcu_io_set
                0x0000110c       0x60 ./mcu/atmel/mcu_atxmega128a1.o
                0x0000110c                mcu_io_set
 .text.mcu_io_get
                0x0000116c       0x56 ./mcu/atmel/mcu_atxmega128a1.o
                0x0000116c                mcu_io_get
 .text.__vector_66
                0x000011c2       0x7a ./mcu/atmel/mcu_atxmega128a1.o
                0x000011c2                __vector_66
 .text.__vector_67
                0x0000123c       0x7a ./mcu/atmel/mcu_atxmega128a1.o
                0x0000123c                __vector_67
 .text.__vector_34
                0x000012b6       0x7a ./mcu/atmel/mcu_atxmega128a1.o
                0x000012b6                __vector_34
 .text.__vector_35
                0x00001330       0x7a ./mcu/atmel/mcu_atxmega128a1.o
                0x00001330                __vector_35
 .text.__vector_2
                0x000013aa       0x7a ./mcu/atmel/mcu_atxmega128a1.o
                0x000013aa                __vector_2
 .text.__vector_3
                0x00001424       0x7a ./mcu/atmel/mcu_atxmega128a1.o
                0x00001424                __vector_3
 .text.__vector_43
                0x0000149e       0x7a ./mcu/atmel/mcu_atxmega128a1.o
                0x0000149e                __vector_43
 .text.__vector_44
                0x00001518       0x7a ./mcu/atmel/mcu_atxmega128a1.o
                0x00001518                __vector_44
 .text.__vector_104
                0x00001592       0x7a ./mcu/atmel/mcu_atxmega128a1.o
                0x00001592                __vector_104
 .text.__vector_105
                0x0000160c       0x7a ./mcu/atmel/mcu_atxmega128a1.o
                0x0000160c                __vector_105
 .text.__vector_96
                0x00001686       0x7a ./mcu/atmel/mcu_atxmega128a1.o
                0x00001686                __vector_96
 .text.__vector_97
                0x00001700       0x7a ./mcu/atmel/mcu_atxmega128a1.o
                0x00001700                __vector_97
 .text.__vector_98
                0x0000177a       0x7a ./mcu/atmel/mcu_atxmega128a1.o
                0x0000177a                __vector_98
 .text.__vector_99
                0x000017f4       0x7a ./mcu/atmel/mcu_atxmega128a1.o
                0x000017f4                __vector_99
 .text.__vector_100
                0x0000186e       0x7a ./mcu/atmel/mcu_atxmega128a1.o
                0x0000186e                __vector_100
 .text.__vector_101
                0x000018e8       0x7a ./mcu/atmel/mcu_atxmega128a1.o
                0x000018e8                __vector_101
 .text.__vector_94
                0x00001962       0x7a ./mcu/atmel/mcu_atxmega128a1.o
                0x00001962                __vector_94
 .text.__vector_95
                0x000019dc       0x7a ./mcu/atmel/mcu_atxmega128a1.o
                0x000019dc                __vector_95
 .text.__vector_4
                0x00001a56       0x7a ./mcu/atmel/mcu_atxmega128a1.o
                0x00001a56                __vector_4
 .text.__vector_5
                0x00001ad0       0x7a ./mcu/atmel/mcu_atxmega128a1.o
                0x00001ad0                __vector_5
 .text.mcu_io_interrupt_init
                0x00001b4a      0x142 ./mcu/atmel/mcu_atxmega128a1.o
                0x00001b4a                mcu_io_interrupt_init
 .text.mcu_io_interrupt_disable
                0x00001c8c        0x8 ./mcu/atmel/mcu_atxmega128a1.o
                0x00001c8c                mcu_io_interrupt_disable
 .text.mcu_io_interrupt_enable
                0x00001c94       0x1e ./mcu/atmel/mcu_atxmega128a1.o
                0x00001c94                mcu_io_interrupt_enable
 .text.__vector_77
                0x00001cb2       0x70 ./mcu/atmel/mcu_atxmega128a1.o
                0x00001cb2                __vector_77
 .text.__vector_83
                0x00001d22       0x70 ./mcu/atmel/mcu_atxmega128a1.o
                0x00001d22                __vector_83
 .text.__vector_47
                0x00001d92       0x70 ./mcu/atmel/mcu_atxmega128a1.o
                0x00001d92                __vector_47
 .text.__vector_53
                0x00001e02       0x70 ./mcu/atmel/mcu_atxmega128a1.o
                0x00001e02                __vector_53
 .text.__vector_108
                0x00001e72       0x70 ./mcu/atmel/mcu_atxmega128a1.o
                0x00001e72                __vector_108
 .text.__vector_114
                0x00001ee2       0x70 ./mcu/atmel/mcu_atxmega128a1.o
                0x00001ee2                __vector_114
 .text.mcu_timer_init
                0x00001f52      0x208 ./mcu/atmel/mcu_atxmega128a1.o
                0x00001f52                mcu_timer_init
 .text.mcu_timer_start
                0x0000215a        0xc ./mcu/atmel/mcu_atxmega128a1.o
                0x0000215a                mcu_timer_start
 .text.mcu_timer_stop
                0x00002166        0xc ./mcu/atmel/mcu_atxmega128a1.o
                0x00002166                mcu_timer_stop
 .text.mcu_timer_get_frq
                0x00002172       0x1e ./mcu/atmel/mcu_atxmega128a1.o
                0x00002172                mcu_timer_get_frq
 .text.mcu_uart_set_buffer
                0x00002190       0x68 ./mcu/atmel/mcu_atxmega128a1.o
                0x00002190                mcu_uart_set_buffer
 .text.mcu_uart_set_alternate_receive
                0x000021f8       0x48 ./mcu/atmel/mcu_atxmega128a1.o
                0x000021f8                mcu_uart_set_alternate_receive
 .text.mcu_uart_set_baudrate
                0x00002240       0xd2 ./mcu/atmel/mcu_atxmega128a1.o
                0x00002240                mcu_uart_set_baudrate
 .text.mcu_uart_init
                0x00002312      0x14a ./mcu/atmel/mcu_atxmega128a1.o
                0x00002312                mcu_uart_init
 .text.mcu_uart_get_baud
                0x0000245c       0x2e ./mcu/atmel/mcu_atxmega128a1.o
                0x0000245c                mcu_uart_get_baud
 .text.mcu_uart_putc
                0x0000248a       0x20 ./mcu/atmel/mcu_atxmega128a1.o
                0x0000248a                mcu_uart_putc
 .text.mcu_uart_available
                0x000024aa       0x1a ./mcu/atmel/mcu_atxmega128a1.o
                0x000024aa                mcu_uart_available
 .text.mcu_uart_getc
                0x000024c4       0x18 ./mcu/atmel/mcu_atxmega128a1.o
                0x000024c4                mcu_uart_getc
 .text.mcu_uart_clear_rx
                0x000024dc       0x36 ./mcu/atmel/mcu_atxmega128a1.o
                0x000024dc                mcu_uart_clear_rx
 .text.__vector_25
                0x00002512       0x68 ./mcu/atmel/mcu_atxmega128a1.o
                0x00002512                __vector_25
 .text.__vector_28
                0x0000257a       0x68 ./mcu/atmel/mcu_atxmega128a1.o
                0x0000257a                __vector_28
 .text.__vector_88
                0x000025e2       0x68 ./mcu/atmel/mcu_atxmega128a1.o
                0x000025e2                __vector_88
 .text.__vector_91
                0x0000264a       0x68 ./mcu/atmel/mcu_atxmega128a1.o
                0x0000264a                __vector_91
 .text.__vector_58
                0x000026b2       0x68 ./mcu/atmel/mcu_atxmega128a1.o
                0x000026b2                __vector_58
 .text.__vector_61
                0x0000271a       0x68 ./mcu/atmel/mcu_atxmega128a1.o
                0x0000271a                __vector_61
 .text.__vector_119
                0x00002782       0x68 ./mcu/atmel/mcu_atxmega128a1.o
                0x00002782                __vector_119
 .text.__vector_122
                0x000027ea       0x68 ./mcu/atmel/mcu_atxmega128a1.o
                0x000027ea                __vector_122
 .text.mcu_spi_set_clock
                0x00002852      0x19a ./mcu/atmel/mcu_atxmega128a1.o
                0x00002852                mcu_spi_set_clock
 .text.mcu_spi_init
                0x000029ec       0xf4 ./mcu/atmel/mcu_atxmega128a1.o
                0x000029ec                mcu_spi_init
 .text.mcu_spi_send
                0x00002ae0       0x58 ./mcu/atmel/mcu_atxmega128a1.o
                0x00002ae0                mcu_spi_send
 .text.mcu_spi_get_frq
                0x00002b38       0x2e ./mcu/atmel/mcu_atxmega128a1.o
                0x00002b38                mcu_spi_get_frq
 .text.__vector_71
                0x00002b66       0x82 ./mcu/atmel/mcu_atxmega128a1.o
                0x00002b66                __vector_71
 .text.mcu_ad_init
                0x00002be8       0xe4 ./mcu/atmel/mcu_atxmega128a1.o
                0x00002be8                mcu_ad_init
 .text.mcu_ad_start
                0x00002ccc       0x3a ./mcu/atmel/mcu_atxmega128a1.o
                0x00002ccc                mcu_ad_start
 .text.mcu_ad_ready
                0x00002d06       0x30 ./mcu/atmel/mcu_atxmega128a1.o
                0x00002d06                mcu_ad_ready
 .text.mcu_ad_read
                0x00002d36       0x3c ./mcu/atmel/mcu_atxmega128a1.o
                0x00002d36                mcu_ad_read
 .text.mcu_wait_us
                0x00002d72       0x16 ./mcu/atmel/mcu_atxmega128a1.o
                0x00002d72                mcu_wait_us
 .text.mcu_wait_ms
                0x00002d88       0x1c ./mcu/atmel/mcu_atxmega128a1.o
                0x00002d88                mcu_wait_ms
 .text.board_led_set
                0x00002da4        0xc ./board/board_xmega_a1_xplained.o
                0x00002da4                board_led_set
 .text.board_led_toggle
                0x00002db0       0x20 ./board/board_xmega_a1_xplained.o
                0x00002db0                board_led_toggle
 .text.board_button_get
                0x00002dd0        0xe ./board/board_xmega_a1_xplained.o
                0x00002dd0                board_button_get
 .text.board_reset_sw_init
                0x00002dde       0x1e ./board/board_xmega_a1_xplained.o
                0x00002dde                board_reset_sw_init
 .text.board_init
                0x00002dfc       0x52 ./board/board_xmega_a1_xplained.o
                0x00002dfc                board_init
 .text.board_sw_reset
                0x00002e4e        0xe ./board/board_xmega_a1_xplained.o
                0x00002e4e                board_sw_reset
 .text.__vector_64
                0x00002e5c       0x7c ./board/board_xmega_a1_xplained.o
                0x00002e5c                __vector_64
 .text.lcd_putc
                0x00002ed8        0xa ./basis_uebung.o
 .text.startup.main
                0x00002ee2       0x66 ./basis_uebung.o
                0x00002ee2                main
 .text.xplained_init
                0x00002f48       0x94 ./rsbs_xplained.o
                0x00002f48                xplained_init
 .text.libgcc.mul
                0x00002fdc       0x20 c:/program files (x86)/atmel/avr tools/avr toolchain/bin/../lib/gcc/avr/4.7.2/avrxmega7\libgcc.a(_mulsi3.o)
                0x00002fdc                __mulsi3
 .text.libgcc.div
                0x00002ffc        0x0 c:/program files (x86)/atmel/avr tools/avr toolchain/bin/../lib/gcc/avr/4.7.2/avrxmega7\libgcc.a(_mulsi3.o)
 .text.libgcc   0x00002ffc        0x0 c:/program files (x86)/atmel/avr tools/avr toolchain/bin/../lib/gcc/avr/4.7.2/avrxmega7\libgcc.a(_mulsi3.o)
 .text.libgcc.prologue
                0x00002ffc        0x0 c:/program files (x86)/atmel/avr tools/avr toolchain/bin/../lib/gcc/avr/4.7.2/avrxmega7\libgcc.a(_mulsi3.o)
 .text.libgcc.builtins
                0x00002ffc        0x0 c:/program files (x86)/atmel/avr tools/avr toolchain/bin/../lib/gcc/avr/4.7.2/avrxmega7\libgcc.a(_mulsi3.o)
 .text.libgcc.fmul
                0x00002ffc        0x0 c:/program files (x86)/atmel/avr tools/avr toolchain/bin/../lib/gcc/avr/4.7.2/avrxmega7\libgcc.a(_mulsi3.o)
 .text.libgcc.mul
                0x00002ffc        0x0 c:/program files (x86)/atmel/avr tools/avr toolchain/bin/../lib/gcc/avr/4.7.2/avrxmega7\libgcc.a(_udivmodhi4.o)
 .text.libgcc.div
                0x00002ffc       0x28 c:/program files (x86)/atmel/avr tools/avr toolchain/bin/../lib/gcc/avr/4.7.2/avrxmega7\libgcc.a(_udivmodhi4.o)
                0x00002ffc                __udivmodhi4
 .text.libgcc   0x00003024        0x0 c:/program files (x86)/atmel/avr tools/avr toolchain/bin/../lib/gcc/avr/4.7.2/avrxmega7\libgcc.a(_udivmodhi4.o)
 .text.libgcc.prologue
                0x00003024        0x0 c:/program files (x86)/atmel/avr tools/avr toolchain/bin/../lib/gcc/avr/4.7.2/avrxmega7\libgcc.a(_udivmodhi4.o)
 .text.libgcc.builtins
                0x00003024        0x0 c:/program files (x86)/atmel/avr tools/avr toolchain/bin/../lib/gcc/avr/4.7.2/avrxmega7\libgcc.a(_udivmodhi4.o)
 .text.libgcc.fmul
                0x00003024        0x0 c:/program files (x86)/atmel/avr tools/avr toolchain/bin/../lib/gcc/avr/4.7.2/avrxmega7\libgcc.a(_udivmodhi4.o)
 .text.libgcc.mul
                0x00003024        0x0 c:/program files (x86)/atmel/avr tools/avr toolchain/bin/../lib/gcc/avr/4.7.2/avrxmega7\libgcc.a(_udivmodsi4.o)
 .text.libgcc.div
                0x00003024       0x44 c:/program files (x86)/atmel/avr tools/avr toolchain/bin/../lib/gcc/avr/4.7.2/avrxmega7\libgcc.a(_udivmodsi4.o)
                0x00003024                __udivmodsi4
 .text.libgcc   0x00003068        0x0 c:/program files (x86)/atmel/avr tools/avr toolchain/bin/../lib/gcc/avr/4.7.2/avrxmega7\libgcc.a(_udivmodsi4.o)
 .text.libgcc.prologue
                0x00003068        0x0 c:/program files (x86)/atmel/avr tools/avr toolchain/bin/../lib/gcc/avr/4.7.2/avrxmega7\libgcc.a(_udivmodsi4.o)
 .text.libgcc.builtins
                0x00003068        0x0 c:/program files (x86)/atmel/avr tools/avr toolchain/bin/../lib/gcc/avr/4.7.2/avrxmega7\libgcc.a(_udivmodsi4.o)
 .text.libgcc.fmul
                0x00003068        0x0 c:/program files (x86)/atmel/avr tools/avr toolchain/bin/../lib/gcc/avr/4.7.2/avrxmega7\libgcc.a(_udivmodsi4.o)
 .text.libgcc.mul
                0x00003068        0x0 c:/program files (x86)/atmel/avr tools/avr toolchain/bin/../lib/gcc/avr/4.7.2/avrxmega7\libgcc.a(_exit.o)
 .text.libgcc.div
                0x00003068        0x0 c:/program files (x86)/atmel/avr tools/avr toolchain/bin/../lib/gcc/avr/4.7.2/avrxmega7\libgcc.a(_exit.o)
 .text.libgcc   0x00003068        0x0 c:/program files (x86)/atmel/avr tools/avr toolchain/bin/../lib/gcc/avr/4.7.2/avrxmega7\libgcc.a(_exit.o)
 .text.libgcc.prologue
                0x00003068        0x0 c:/program files (x86)/atmel/avr tools/avr toolchain/bin/../lib/gcc/avr/4.7.2/avrxmega7\libgcc.a(_exit.o)
 .text.libgcc.builtins
                0x00003068        0x0 c:/program files (x86)/atmel/avr tools/avr toolchain/bin/../lib/gcc/avr/4.7.2/avrxmega7\libgcc.a(_exit.o)
 .text.libgcc.fmul
                0x00003068        0x0 c:/program files (x86)/atmel/avr tools/avr toolchain/bin/../lib/gcc/avr/4.7.2/avrxmega7\libgcc.a(_exit.o)
 .text.libgcc.mul
                0x00003068        0x0 c:/program files (x86)/atmel/avr tools/avr toolchain/bin/../lib/gcc/avr/4.7.2/avrxmega7\libgcc.a(_tablejump.o)
 .text.libgcc.div
                0x00003068        0x0 c:/program files (x86)/atmel/avr tools/avr toolchain/bin/../lib/gcc/avr/4.7.2/avrxmega7\libgcc.a(_tablejump.o)
 .text.libgcc   0x00003068        0xc c:/program files (x86)/atmel/avr tools/avr toolchain/bin/../lib/gcc/avr/4.7.2/avrxmega7\libgcc.a(_tablejump.o)
                0x00003068                __tablejump2__
                0x0000306c                __tablejump__
 .text.libgcc.prologue
                0x00003074        0x0 c:/program files (x86)/atmel/avr tools/avr toolchain/bin/../lib/gcc/avr/4.7.2/avrxmega7\libgcc.a(_tablejump.o)
 .text.libgcc.builtins
                0x00003074        0x0 c:/program files (x86)/atmel/avr tools/avr toolchain/bin/../lib/gcc/avr/4.7.2/avrxmega7\libgcc.a(_tablejump.o)
 .text.libgcc.fmul
                0x00003074        0x0 c:/program files (x86)/atmel/avr tools/avr toolchain/bin/../lib/gcc/avr/4.7.2/avrxmega7\libgcc.a(_tablejump.o)
 .text.libgcc.mul
                0x00003074        0x0 c:/program files (x86)/atmel/avr tools/avr toolchain/bin/../lib/gcc/avr/4.7.2/avrxmega7\libgcc.a(_copy_data.o)
 .text.libgcc.div
                0x00003074        0x0 c:/program files (x86)/atmel/avr tools/avr toolchain/bin/../lib/gcc/avr/4.7.2/avrxmega7\libgcc.a(_copy_data.o)
 .text.libgcc   0x00003074        0x0 c:/program files (x86)/atmel/avr tools/avr toolchain/bin/../lib/gcc/avr/4.7.2/avrxmega7\libgcc.a(_copy_data.o)
 .text.libgcc.prologue
                0x00003074        0x0 c:/program files (x86)/atmel/avr tools/avr toolchain/bin/../lib/gcc/avr/4.7.2/avrxmega7\libgcc.a(_copy_data.o)
 .text.libgcc.builtins
                0x00003074        0x0 c:/program files (x86)/atmel/avr tools/avr toolchain/bin/../lib/gcc/avr/4.7.2/avrxmega7\libgcc.a(_copy_data.o)
 .text.libgcc.fmul
                0x00003074        0x0 c:/program files (x86)/atmel/avr tools/avr toolchain/bin/../lib/gcc/avr/4.7.2/avrxmega7\libgcc.a(_copy_data.o)
 .text.libgcc.mul
                0x00003074        0x0 c:/program files (x86)/atmel/avr tools/avr toolchain/bin/../lib/gcc/avr/4.7.2/avrxmega7\libgcc.a(_clear_bss.o)
 .text.libgcc.div
                0x00003074        0x0 c:/program files (x86)/atmel/avr tools/avr toolchain/bin/../lib/gcc/avr/4.7.2/avrxmega7\libgcc.a(_clear_bss.o)
 .text.libgcc   0x00003074        0x0 c:/program files (x86)/atmel/avr tools/avr toolchain/bin/../lib/gcc/avr/4.7.2/avrxmega7\libgcc.a(_clear_bss.o)
 .text.libgcc.prologue
                0x00003074        0x0 c:/program files (x86)/atmel/avr tools/avr toolchain/bin/../lib/gcc/avr/4.7.2/avrxmega7\libgcc.a(_clear_bss.o)
 .text.libgcc.builtins
                0x00003074        0x0 c:/program files (x86)/atmel/avr tools/avr toolchain/bin/../lib/gcc/avr/4.7.2/avrxmega7\libgcc.a(_clear_bss.o)
 .text.libgcc.fmul
                0x00003074        0x0 c:/program files (x86)/atmel/avr tools/avr toolchain/bin/../lib/gcc/avr/4.7.2/avrxmega7\libgcc.a(_clear_bss.o)
 .text.libgcc.mul
                0x00003074       0x16 c:/program files (x86)/atmel/avr tools/avr toolchain/bin/../lib/gcc/avr/4.7.2/avrxmega7\libgcc.a(_muluhisi3.o)
                0x00003074                __muluhisi3
 .text.libgcc.div
                0x0000308a        0x0 c:/program files (x86)/atmel/avr tools/avr toolchain/bin/../lib/gcc/avr/4.7.2/avrxmega7\libgcc.a(_muluhisi3.o)
 .text.libgcc   0x0000308a        0x0 c:/program files (x86)/atmel/avr tools/avr toolchain/bin/../lib/gcc/avr/4.7.2/avrxmega7\libgcc.a(_muluhisi3.o)
 .text.libgcc.prologue
                0x0000308a        0x0 c:/program files (x86)/atmel/avr tools/avr toolchain/bin/../lib/gcc/avr/4.7.2/avrxmega7\libgcc.a(_muluhisi3.o)
 .text.libgcc.builtins
                0x0000308a        0x0 c:/program files (x86)/atmel/avr tools/avr toolchain/bin/../lib/gcc/avr/4.7.2/avrxmega7\libgcc.a(_muluhisi3.o)
 .text.libgcc.fmul
                0x0000308a        0x0 c:/program files (x86)/atmel/avr tools/avr toolchain/bin/../lib/gcc/avr/4.7.2/avrxmega7\libgcc.a(_muluhisi3.o)
 .text.libgcc.mul
                0x0000308a       0x18 c:/program files (x86)/atmel/avr tools/avr toolchain/bin/../lib/gcc/avr/4.7.2/avrxmega7\libgcc.a(_umulhisi3.o)
                0x0000308a                __umulhisi3
 .text.libgcc.div
                0x000030a2        0x0 c:/program files (x86)/atmel/avr tools/avr toolchain/bin/../lib/gcc/avr/4.7.2/avrxmega7\libgcc.a(_umulhisi3.o)
 .text.libgcc   0x000030a2        0x0 c:/program files (x86)/atmel/avr tools/avr toolchain/bin/../lib/gcc/avr/4.7.2/avrxmega7\libgcc.a(_umulhisi3.o)
 .text.libgcc.prologue
                0x000030a2        0x0 c:/program files (x86)/atmel/avr tools/avr toolchain/bin/../lib/gcc/avr/4.7.2/avrxmega7\libgcc.a(_umulhisi3.o)
 .text.libgcc.builtins
                0x000030a2        0x0 c:/program files (x86)/atmel/avr tools/avr toolchain/bin/../lib/gcc/avr/4.7.2/avrxmega7\libgcc.a(_umulhisi3.o)
 .text.libgcc.fmul
                0x000030a2        0x0 c:/program files (x86)/atmel/avr tools/avr toolchain/bin/../lib/gcc/avr/4.7.2/avrxmega7\libgcc.a(_umulhisi3.o)
 .text.avr-libc
                0x000030a2       0x12 c:/program files (x86)/atmel/avr tools/avr toolchain/bin/../lib/gcc/avr/4.7.2/../../../../avr/lib/avrxmega7\libc.a(memcpy.o)
                0x000030a2                memcpy
 .text.avr-libc
                0x000030b4        0xe c:/program files (x86)/atmel/avr tools/avr toolchain/bin/../lib/gcc/avr/4.7.2/../../../../avr/lib/avrxmega7\libc.a(memset.o)
                0x000030b4                memset
 .text.avr-libc
                0x000030c2       0x56 c:/program files (x86)/atmel/avr tools/avr toolchain/bin/../lib/gcc/avr/4.7.2/../../../../avr/lib/avrxmega7\libc.a(fputs.o)
                0x000030c2                fputs
                0x00003118                . = ALIGN (0x2)
 *(.fini9)
 .fini9         0x00003118        0x0 c:/program files (x86)/atmel/avr tools/avr toolchain/bin/../lib/gcc/avr/4.7.2/avrxmega7\libgcc.a(_exit.o)
                0x00003118                _exit
                0x00003118                exit
 *(.fini9)
 *(.fini8)
 *(.fini8)
 *(.fini7)
 *(.fini7)
 *(.fini6)
 *(.fini6)
 *(.fini5)
 *(.fini5)
 *(.fini4)
 *(.fini4)
 *(.fini3)
 *(.fini3)
 *(.fini2)
 *(.fini2)
 *(.fini1)
 *(.fini1)
 *(.fini0)
 .fini0         0x00003118        0x4 c:/program files (x86)/atmel/avr tools/avr toolchain/bin/../lib/gcc/avr/4.7.2/avrxmega7\libgcc.a(_exit.o)
 *(.fini0)
                0x0000311c                _etext = .

.data           0x00802000       0x5c load address 0x0000311c
                0x00802000                PROVIDE (__data_start, .)
 *(.data)
 .data          0x00802000        0x0 c:/program files (x86)/atmel/avr tools/avr toolchain/bin/../lib/gcc/avr/4.7.2/../../../../avr/lib/avrxmega7/crtx128a1.o
 .data          0x00802000        0x0 ./modul/st7036/st7036.o
 .data          0x00802000        0x0 ./modul/fifo/fifo.o
 .data          0x00802000        0x0 ./mcu/atmel/mcu_atxmega128a1.o
 .data          0x00802000        0x0 ./board/board_xmega_a1_xplained.o
 .data          0x00802000        0x0 ./basis_uebung.o
 .data          0x00802000        0x0 ./rsbs_xplained.o
 .data          0x00802000        0x0 c:/program files (x86)/atmel/avr tools/avr toolchain/bin/../lib/gcc/avr/4.7.2/avrxmega7\libgcc.a(_mulsi3.o)
 .data          0x00802000        0x0 c:/program files (x86)/atmel/avr tools/avr toolchain/bin/../lib/gcc/avr/4.7.2/avrxmega7\libgcc.a(_udivmodhi4.o)
 .data          0x00802000        0x0 c:/program files (x86)/atmel/avr tools/avr toolchain/bin/../lib/gcc/avr/4.7.2/avrxmega7\libgcc.a(_udivmodsi4.o)
 .data          0x00802000        0x0 c:/program files (x86)/atmel/avr tools/avr toolchain/bin/../lib/gcc/avr/4.7.2/avrxmega7\libgcc.a(_exit.o)
 .data          0x00802000        0x0 c:/program files (x86)/atmel/avr tools/avr toolchain/bin/../lib/gcc/avr/4.7.2/avrxmega7\libgcc.a(_tablejump.o)
 .data          0x00802000        0x0 c:/program files (x86)/atmel/avr tools/avr toolchain/bin/../lib/gcc/avr/4.7.2/avrxmega7\libgcc.a(_copy_data.o)
 .data          0x00802000        0x0 c:/program files (x86)/atmel/avr tools/avr toolchain/bin/../lib/gcc/avr/4.7.2/avrxmega7\libgcc.a(_clear_bss.o)
 .data          0x00802000        0x0 c:/program files (x86)/atmel/avr tools/avr toolchain/bin/../lib/gcc/avr/4.7.2/avrxmega7\libgcc.a(_muluhisi3.o)
 .data          0x00802000        0x0 c:/program files (x86)/atmel/avr tools/avr toolchain/bin/../lib/gcc/avr/4.7.2/avrxmega7\libgcc.a(_umulhisi3.o)
 .data          0x00802000        0x0 c:/program files (x86)/atmel/avr tools/avr toolchain/bin/../lib/gcc/avr/4.7.2/../../../../avr/lib/avrxmega7\libc.a(memcpy.o)
 .data          0x00802000        0x0 c:/program files (x86)/atmel/avr tools/avr toolchain/bin/../lib/gcc/avr/4.7.2/../../../../avr/lib/avrxmega7\libc.a(memset.o)
 .data          0x00802000        0x0 c:/program files (x86)/atmel/avr tools/avr toolchain/bin/../lib/gcc/avr/4.7.2/../../../../avr/lib/avrxmega7\libc.a(fputs.o)
 *(.data*)
 .data.comm_lcd
                0x00802000        0xe ./basis_uebung.o
 *(.rodata)
 .rodata        0x0080200e       0x10 ./mcu/atmel/mcu_atxmega128a1.o
 *(.rodata*)
 .rodata.CSWTCH.37
                0x0080201e        0x2 ./modul/st7036/st7036.o
 .rodata.st7036_2x40_ddr_addr
                0x00802020        0x2 ./modul/st7036/st7036.o
 .rodata.st7036_3x16_ddr_addr
                0x00802022        0x3 ./modul/st7036/st7036.o
 .rodata.CSWTCH.21
                0x00802025        0x8 ./mcu/atmel/mcu_atxmega128a1.o
 .rodata.mcu_uart_usartxn
                0x0080202d       0x10 ./mcu/atmel/mcu_atxmega128a1.o
 .rodata.mcu_uart_tx_pin
                0x0080203d        0x8 ./mcu/atmel/mcu_atxmega128a1.o
 .rodata.spixn  0x00802045        0x8 ./mcu/atmel/mcu_atxmega128a1.o
 .rodata.str1.1
                0x0080204d        0xf ./basis_uebung.o
 *(.gnu.linkonce.d*)
                0x0080205c                . = ALIGN (0x2)
                0x0080205c                _edata = .
                0x0080205c                PROVIDE (__data_end, .)

.bss            0x0080205c      0x19b
                0x0080205c                PROVIDE (__bss_start, .)
 *(.bss)
 .bss           0x0080205c        0x0 c:/program files (x86)/atmel/avr tools/avr toolchain/bin/../lib/gcc/avr/4.7.2/../../../../avr/lib/avrxmega7/crtx128a1.o
 .bss           0x0080205c        0x0 ./modul/st7036/st7036.o
 .bss           0x0080205c        0x0 ./modul/fifo/fifo.o
 .bss           0x0080205c        0x0 ./mcu/atmel/mcu_atxmega128a1.o
 .bss           0x0080205c        0x0 ./board/board_xmega_a1_xplained.o
 .bss           0x0080205c        0x0 ./basis_uebung.o
 .bss           0x0080205c        0x0 ./rsbs_xplained.o
 .bss           0x0080205c        0x0 c:/program files (x86)/atmel/avr tools/avr toolchain/bin/../lib/gcc/avr/4.7.2/avrxmega7\libgcc.a(_mulsi3.o)
 .bss           0x0080205c        0x0 c:/program files (x86)/atmel/avr tools/avr toolchain/bin/../lib/gcc/avr/4.7.2/avrxmega7\libgcc.a(_udivmodhi4.o)
 .bss           0x0080205c        0x0 c:/program files (x86)/atmel/avr tools/avr toolchain/bin/../lib/gcc/avr/4.7.2/avrxmega7\libgcc.a(_udivmodsi4.o)
 .bss           0x0080205c        0x0 c:/program files (x86)/atmel/avr tools/avr toolchain/bin/../lib/gcc/avr/4.7.2/avrxmega7\libgcc.a(_exit.o)
 .bss           0x0080205c        0x0 c:/program files (x86)/atmel/avr tools/avr toolchain/bin/../lib/gcc/avr/4.7.2/avrxmega7\libgcc.a(_tablejump.o)
 .bss           0x0080205c        0x0 c:/program files (x86)/atmel/avr tools/avr toolchain/bin/../lib/gcc/avr/4.7.2/avrxmega7\libgcc.a(_copy_data.o)
 .bss           0x0080205c        0x0 c:/program files (x86)/atmel/avr tools/avr toolchain/bin/../lib/gcc/avr/4.7.2/avrxmega7\libgcc.a(_clear_bss.o)
 .bss           0x0080205c        0x0 c:/program files (x86)/atmel/avr tools/avr toolchain/bin/../lib/gcc/avr/4.7.2/avrxmega7\libgcc.a(_muluhisi3.o)
 .bss           0x0080205c        0x0 c:/program files (x86)/atmel/avr tools/avr toolchain/bin/../lib/gcc/avr/4.7.2/avrxmega7\libgcc.a(_umulhisi3.o)
 .bss           0x0080205c        0x0 c:/program files (x86)/atmel/avr tools/avr toolchain/bin/../lib/gcc/avr/4.7.2/../../../../avr/lib/avrxmega7\libc.a(memcpy.o)
 .bss           0x0080205c        0x0 c:/program files (x86)/atmel/avr tools/avr toolchain/bin/../lib/gcc/avr/4.7.2/../../../../avr/lib/avrxmega7\libc.a(memset.o)
 .bss           0x0080205c        0x0 c:/program files (x86)/atmel/avr tools/avr toolchain/bin/../lib/gcc/avr/4.7.2/../../../../avr/lib/avrxmega7\libc.a(fputs.o)
 *(.bss*)
 .bss.st7036_type
                0x0080205c        0x2 ./modul/st7036/st7036.o
 .bss.st7036_chip_select
                0x0080205e        0x1 ./modul/st7036/st7036.o
 .bss.st7036_register_select
                0x0080205f        0x1 ./modul/st7036/st7036.o
 .bss.st7036_spi_num
                0x00802060        0x1 ./modul/st7036/st7036.o
 .bss.st7036_row_num
                0x00802061        0x1 ./modul/st7036/st7036.o
 .bss.st7036_col_num
                0x00802062        0x1 ./modul/st7036/st7036.o
 .bss.st7036_cur_shown
                0x00802063       0x78 ./modul/st7036/st7036.o
 .bss.st7036_cur_pos_row
                0x008020db        0x1 ./modul/st7036/st7036.o
 .bss.st7036_cur_pos_col
                0x008020dc        0x1 ./modul/st7036/st7036.o
 .bss.mcu_frq_cpu_hz
                0x008020dd        0x4 ./mcu/atmel/mcu_atxmega128a1.o
 .bss.mcu_frq_peripheral_hz
                0x008020e1        0x4 ./mcu/atmel/mcu_atxmega128a1.o
 .bss.mcu_frq_sys_hz
                0x008020e5        0x4 ./mcu/atmel/mcu_atxmega128a1.o
 .bss.mcu_frq_pll_hz
                0x008020e9        0x4 ./mcu/atmel/mcu_atxmega128a1.o
 .bss.mcu_external_pin
                0x008020ed        0x1 ./mcu/atmel/mcu_atxmega128a1.o
 .bss.mcu_int_io_callback
                0x008020ee       0x2c ./mcu/atmel/mcu_atxmega128a1.o
 .bss.mcu_timer_interrupt_callback
                0x0080211a       0x10 ./mcu/atmel/mcu_atxmega128a1.o
 .bss.mcu_timer_interrupt_lvl
                0x0080212a        0x8 ./mcu/atmel/mcu_atxmega128a1.o
 .bss.mcu_timer_frq
                0x00802132       0x10 ./mcu/atmel/mcu_atxmega128a1.o
 .bss.mcu_uart_buf
                0x00802142       0x70 ./mcu/atmel/mcu_atxmega128a1.o
 .bss.mcu_uart_alternative_receive
                0x008021b2       0x10 ./mcu/atmel/mcu_atxmega128a1.o
 .bss.mcu_uart_baud
                0x008021c2       0x20 ./mcu/atmel/mcu_atxmega128a1.o
 .bss.mcu_spi_frq
                0x008021e2       0x10 ./mcu/atmel/mcu_atxmega128a1.o
 .bss.mcu_ad_callback
                0x008021f2        0x2 ./mcu/atmel/mcu_atxmega128a1.o
 .bss.mcu_ad_flag_ready
                0x008021f4        0x1 ./mcu/atmel/mcu_atxmega128a1.o
 *(COMMON)
 COMMON         0x008021f5        0x2 ./modul/st7036/st7036.o
                0x008021f5                contrast_value
                0x008021f6                temp_var_reg_function_set
                0x008021f7                PROVIDE (__bss_end, .)
                0x0000311c                __data_load_start = LOADADDR (.data)
                0x00003178                __data_load_end = (__data_load_start + SIZEOF (.data))

.noinit         0x008021f7        0x0
                0x008021f7                PROVIDE (__noinit_start, .)
 *(.noinit*)
                0x008021f7                PROVIDE (__noinit_end, .)
                0x008021f7                _end = .
                0x008021f7                PROVIDE (__heap_start, .)

.eeprom         0x00810000        0x0
 *(.eeprom*)
                0x00810000                __eeprom_end = .

.fuse
 *(.fuse)
 *(.lfuse)
 *(.hfuse)
 *(.efuse)

.lock
 *(.lock*)

.signature
 *(.signature*)

.user_signatures
 *(.user_signatures*)

.stab           0x00000000     0x63e4
 *(.stab)
 .stab          0x00000000      0x714 c:/program files (x86)/atmel/avr tools/avr toolchain/bin/../lib/gcc/avr/4.7.2/../../../../avr/lib/avrxmega7/crtx128a1.o
 .stab          0x00000714      0x9cc ./modul/st7036/st7036.o
                                0x9d8 (size before relaxing)
 .stab          0x000010e0      0x984 ./modul/fifo/fifo.o
                                0xb1c (size before relaxing)
 .stab          0x00001a64     0x3b70 ./mcu/atmel/mcu_atxmega128a1.o
                               0x3ce4 (size before relaxing)
 .stab          0x000055d4      0x540 ./board/board_xmega_a1_xplained.o
                               0x1620 (size before relaxing)
 .stab          0x00005b14      0x504 ./basis_uebung.o
                               0x15f0 (size before relaxing)
 .stab          0x00006018      0x2dc ./rsbs_xplained.o
                               0x15b4 (size before relaxing)
 .stab          0x000062f4       0x84 c:/program files (x86)/atmel/avr tools/avr toolchain/bin/../lib/gcc/avr/4.7.2/../../../../avr/lib/avrxmega7\libc.a(memcpy.o)
                                 0x90 (size before relaxing)
 .stab          0x00006378       0x6c c:/program files (x86)/atmel/avr tools/avr toolchain/bin/../lib/gcc/avr/4.7.2/../../../../avr/lib/avrxmega7\libc.a(memset.o)
                                 0x78 (size before relaxing)

.stabstr        0x00000000     0xf9c0
 *(.stabstr)
 .stabstr       0x00000000     0xf9c0 c:/program files (x86)/atmel/avr tools/avr toolchain/bin/../lib/gcc/avr/4.7.2/../../../../avr/lib/avrxmega7/crtx128a1.o

.stab.excl
 *(.stab.excl)

.stab.exclstr
 *(.stab.exclstr)

.stab.index
 *(.stab.index)

.stab.indexstr
 *(.stab.indexstr)

.comment        0x00000000       0x2f
 *(.comment)
 .comment       0x00000000       0x2f ./modul/st7036/st7036.o
                                 0x30 (size before relaxing)
 .comment       0x00000000       0x30 ./modul/fifo/fifo.o
 .comment       0x00000000       0x30 ./mcu/atmel/mcu_atxmega128a1.o
 .comment       0x00000000       0x30 ./board/board_xmega_a1_xplained.o
 .comment       0x00000000       0x30 ./basis_uebung.o
 .comment       0x00000000       0x30 ./rsbs_xplained.o
 .comment       0x00000000       0x30 c:/program files (x86)/atmel/avr tools/avr toolchain/bin/../lib/gcc/avr/4.7.2/../../../../avr/lib/avrxmega7\libc.a(fputs.o)

.debug
 *(.debug)

.line
 *(.line)

.debug_srcinfo
 *(.debug_srcinfo)

.debug_sfnames
 *(.debug_sfnames)

.debug_aranges  0x00000000       0x20
 *(.debug_aranges)
 .debug_aranges
                0x00000000       0x20 c:/program files (x86)/atmel/avr tools/avr toolchain/bin/../lib/gcc/avr/4.7.2/../../../../avr/lib/avrxmega7\libc.a(fputs.o)

.debug_pubnames
 *(.debug_pubnames)

.debug_info     0x00000000      0x1a5
 *(.debug_info)
 .debug_info    0x00000000      0x1a5 c:/program files (x86)/atmel/avr tools/avr toolchain/bin/../lib/gcc/avr/4.7.2/../../../../avr/lib/avrxmega7\libc.a(fputs.o)
 *(.gnu.linkonce.wi.*)

.debug_abbrev   0x00000000      0x109
 *(.debug_abbrev)
 .debug_abbrev  0x00000000      0x109 c:/program files (x86)/atmel/avr tools/avr toolchain/bin/../lib/gcc/avr/4.7.2/../../../../avr/lib/avrxmega7\libc.a(fputs.o)

.debug_line     0x00000000      0x106
 *(.debug_line)
 .debug_line    0x00000000      0x106 c:/program files (x86)/atmel/avr tools/avr toolchain/bin/../lib/gcc/avr/4.7.2/../../../../avr/lib/avrxmega7\libc.a(fputs.o)

.debug_frame    0x00000000       0x44
 *(.debug_frame)
 .debug_frame   0x00000000       0x44 c:/program files (x86)/atmel/avr tools/avr toolchain/bin/../lib/gcc/avr/4.7.2/../../../../avr/lib/avrxmega7\libc.a(fputs.o)

.debug_str      0x00000000       0xd4
 *(.debug_str)
 .debug_str     0x00000000       0xd4 c:/program files (x86)/atmel/avr tools/avr toolchain/bin/../lib/gcc/avr/4.7.2/../../../../avr/lib/avrxmega7\libc.a(fputs.o)
                                0x10d (size before relaxing)

.debug_loc      0x00000000      0x10f
 *(.debug_loc)
 .debug_loc     0x00000000      0x10f c:/program files (x86)/atmel/avr tools/avr toolchain/bin/../lib/gcc/avr/4.7.2/../../../../avr/lib/avrxmega7\libc.a(fputs.o)

.debug_macinfo
 *(.debug_macinfo)

.debug_pubtypes
 *(.debug_pubtypes)

.debug_ranges   0x00000000       0x10
 *(.debug_ranges)
 .debug_ranges  0x00000000       0x10 c:/program files (x86)/atmel/avr tools/avr toolchain/bin/../lib/gcc/avr/4.7.2/../../../../avr/lib/avrxmega7\libc.a(fputs.o)

.debug_macro
 *(.debug_macro)
OUTPUT(basis_uebung.elf elf32-avr)
LOAD linker stubs
